Executing (default): SELECT 1+1 AS result
Database connected successfully
Executing (default): SELECT table_name FROM information_schema.tables WHERE table_schema = 'public' AND table_name = 'Users'
Executing (default): SELECT pk.constraint_type as "Constraint",c.column_name as "Field", c.column_default as "Default",c.is_nullable as "Null", (CASE WHEN c.udt_name = 'hstore' THEN c.udt_name ELSE c.data_type END) || (CASE WHEN c.character_maximum_length IS NOT NULL THEN '(' || c.character_maximum_length || ')' ELSE '' END) as "Type", (SELECT array_agg(e.enumlabel) FROM pg_catalog.pg_type t JOIN pg_catalog.pg_enum e ON t.oid=e.enumtypid WHERE t.typname=c.udt_name) AS "special", (SELECT pgd.description FROM pg_catalog.pg_statio_all_tables AS st INNER JOIN pg_catalog.pg_description pgd on (pgd.objoid=st.relid) WHERE c.ordinal_position=pgd.objsubid AND c.table_name=st.relname) AS "Comment" FROM information_schema.columns c LEFT JOIN (SELECT tc.table_schema, tc.table_name, cu.column_name, tc.constraint_type FROM information_schema.TABLE_CONSTRAINTS tc JOIN information_schema.KEY_COLUMN_USAGE  cu ON tc.table_schema=cu.table_schema and tc.table_name=cu.table_name and tc.constraint_name=cu.constraint_name and tc.constraint_type='PRIMARY KEY') pk ON pk.table_schema=c.table_schema AND pk.table_name=c.table_name AND pk.column_name=c.column_name WHERE c.table_name = 'Users' AND c.table_schema = 'public'
Executing (default): SELECT DISTINCT tc.constraint_name as constraint_name, tc.constraint_schema as constraint_schema, tc.constraint_catalog as constraint_catalog, tc.table_name as table_name,tc.table_schema as table_schema,tc.table_catalog as table_catalog,tc.initially_deferred as initially_deferred,tc.is_deferrable as is_deferrable,kcu.column_name as column_name,ccu.table_schema  AS referenced_table_schema,ccu.table_catalog  AS referenced_table_catalog,ccu.table_name  AS referenced_table_name,ccu.column_name AS referenced_column_name FROM information_schema.table_constraints AS tc JOIN information_schema.key_column_usage AS kcu ON tc.constraint_name = kcu.constraint_name JOIN information_schema.constraint_column_usage AS ccu ON ccu.constraint_name = tc.constraint_name WHERE constraint_type = 'FOREIGN KEY' AND tc.table_name = 'Users' AND tc.table_catalog = 'neondb'
Executing (default): ALTER TABLE "Users" ALTER COLUMN "username" SET NOT NULL;ALTER TABLE "Users" ALTER COLUMN "username" DROP DEFAULT;ALTER TABLE "Users"  ADD UNIQUE ("username");ALTER TABLE "Users" ALTER COLUMN "username" TYPE VARCHAR(255)  ;
Executing (default): ALTER TABLE "Users" ALTER COLUMN "email" SET NOT NULL;ALTER TABLE "Users" ALTER COLUMN "email" DROP DEFAULT;ALTER TABLE "Users"  ADD UNIQUE ("email");ALTER TABLE "Users" ALTER COLUMN "email" TYPE VARCHAR(255)  ;
Executing (default): ALTER TABLE "Users" ALTER COLUMN "password" SET NOT NULL;ALTER TABLE "Users" ALTER COLUMN "password" DROP DEFAULT;ALTER TABLE "Users" ALTER COLUMN "password" TYPE VARCHAR(255);
Executing (default): ALTER TABLE "Users" ALTER COLUMN "preferences" DROP NOT NULL;ALTER TABLE "Users" ALTER COLUMN "preferences" SET DEFAULT '{"theme":"light","language":"en"}';ALTER TABLE "Users" ALTER COLUMN "preferences" TYPE JSON;
Executing (default): ALTER TABLE "Users" ALTER COLUMN "createdAt" SET NOT NULL;ALTER TABLE "Users" ALTER COLUMN "createdAt" DROP DEFAULT;ALTER TABLE "Users" ALTER COLUMN "createdAt" TYPE TIMESTAMP WITH TIME ZONE;
Executing (default): ALTER TABLE "Users" ALTER COLUMN "updatedAt" SET NOT NULL;ALTER TABLE "Users" ALTER COLUMN "updatedAt" DROP DEFAULT;ALTER TABLE "Users" ALTER COLUMN "updatedAt" TYPE TIMESTAMP WITH TIME ZONE;
Executing (default): ALTER TABLE "Users" ALTER COLUMN "fullName" DROP NOT NULL;ALTER TABLE "Users" ALTER COLUMN "fullName" DROP DEFAULT;ALTER TABLE "Users" ALTER COLUMN "fullName" TYPE VARCHAR(255);
Executing (default): ALTER TABLE "Users" ALTER COLUMN "phone" DROP NOT NULL;ALTER TABLE "Users" ALTER COLUMN "phone" DROP DEFAULT;ALTER TABLE "Users"  ADD UNIQUE ("phone");ALTER TABLE "Users" ALTER COLUMN "phone" TYPE VARCHAR(255) ;
Executing (default): SELECT i.relname AS name, ix.indisprimary AS primary, ix.indisunique AS unique, ix.indkey AS indkey, array_agg(a.attnum) as column_indexes, array_agg(a.attname) AS column_names, pg_get_indexdef(ix.indexrelid) AS definition FROM pg_class t, pg_class i, pg_index ix, pg_attribute a WHERE t.oid = ix.indrelid AND i.oid = ix.indexrelid AND a.attrelid = t.oid AND t.relkind = 'r' and t.relname = 'Users' GROUP BY i.relname, ix.indexrelid, ix.indisprimary, ix.indisunique, ix.indkey ORDER BY i.relname;
Executing (default): SELECT table_name FROM information_schema.tables WHERE table_schema = 'public' AND table_name = 'OTPs'
Executing (default): SELECT t.typname enum_name, array_agg(e.enumlabel ORDER BY enumsortorder) enum_value FROM pg_type t JOIN pg_enum e ON t.oid = e.enumtypid JOIN pg_catalog.pg_namespace n ON n.oid = t.typnamespace WHERE n.nspname = 'public' AND t.typname='enum_OTPs_type' GROUP BY 1
Executing (default): SELECT pk.constraint_type as "Constraint",c.column_name as "Field", c.column_default as "Default",c.is_nullable as "Null", (CASE WHEN c.udt_name = 'hstore' THEN c.udt_name ELSE c.data_type END) || (CASE WHEN c.character_maximum_length IS NOT NULL THEN '(' || c.character_maximum_length || ')' ELSE '' END) as "Type", (SELECT array_agg(e.enumlabel) FROM pg_catalog.pg_type t JOIN pg_catalog.pg_enum e ON t.oid=e.enumtypid WHERE t.typname=c.udt_name) AS "special", (SELECT pgd.description FROM pg_catalog.pg_statio_all_tables AS st INNER JOIN pg_catalog.pg_description pgd on (pgd.objoid=st.relid) WHERE c.ordinal_position=pgd.objsubid AND c.table_name=st.relname) AS "Comment" FROM information_schema.columns c LEFT JOIN (SELECT tc.table_schema, tc.table_name, cu.column_name, tc.constraint_type FROM information_schema.TABLE_CONSTRAINTS tc JOIN information_schema.KEY_COLUMN_USAGE  cu ON tc.table_schema=cu.table_schema and tc.table_name=cu.table_name and tc.constraint_name=cu.constraint_name and tc.constraint_type='PRIMARY KEY') pk ON pk.table_schema=c.table_schema AND pk.table_name=c.table_name AND pk.column_name=c.column_name WHERE c.table_name = 'OTPs' AND c.table_schema = 'public'
Executing (default): SELECT DISTINCT tc.constraint_name as constraint_name, tc.constraint_schema as constraint_schema, tc.constraint_catalog as constraint_catalog, tc.table_name as table_name,tc.table_schema as table_schema,tc.table_catalog as table_catalog,tc.initially_deferred as initially_deferred,tc.is_deferrable as is_deferrable,kcu.column_name as column_name,ccu.table_schema  AS referenced_table_schema,ccu.table_catalog  AS referenced_table_catalog,ccu.table_name  AS referenced_table_name,ccu.column_name AS referenced_column_name FROM information_schema.table_constraints AS tc JOIN information_schema.key_column_usage AS kcu ON tc.constraint_name = kcu.constraint_name JOIN information_schema.constraint_column_usage AS ccu ON ccu.constraint_name = tc.constraint_name WHERE constraint_type = 'FOREIGN KEY' AND tc.table_name = 'OTPs' AND tc.table_catalog = 'neondb'
Executing (default): ALTER TABLE "OTPs" ALTER COLUMN "identifier" SET NOT NULL;ALTER TABLE "OTPs" ALTER COLUMN "identifier" DROP DEFAULT;ALTER TABLE "OTPs" ALTER COLUMN "identifier" TYPE VARCHAR(255);
Executing (default): ALTER TABLE "OTPs" ALTER COLUMN "type" SET NOT NULL;ALTER TABLE "OTPs" ALTER COLUMN "type" DROP DEFAULT;DO 'BEGIN CREATE TYPE "public"."enum_OTPs_type" AS ENUM(''email'', ''phone''); EXCEPTION WHEN duplicate_object THEN null; END';ALTER TABLE "OTPs" ALTER COLUMN "type" TYPE "public"."enum_OTPs_type" USING ("type"::"public"."enum_OTPs_type");
Executing (default): ALTER TABLE "OTPs" ALTER COLUMN "otpHash" SET NOT NULL;ALTER TABLE "OTPs" ALTER COLUMN "otpHash" DROP DEFAULT;ALTER TABLE "OTPs" ALTER COLUMN "otpHash" TYPE VARCHAR(255);
Executing (default): ALTER TABLE "OTPs" ALTER COLUMN "expiresAt" SET NOT NULL;ALTER TABLE "OTPs" ALTER COLUMN "expiresAt" DROP DEFAULT;ALTER TABLE "OTPs" ALTER COLUMN "expiresAt" TYPE TIMESTAMP WITH TIME ZONE;
Executing (default): ALTER TABLE "OTPs" ALTER COLUMN "attempts" DROP NOT NULL;ALTER TABLE "OTPs" ALTER COLUMN "attempts" SET DEFAULT 0;ALTER TABLE "OTPs" ALTER COLUMN "attempts" TYPE INTEGER;
Executing (default): ALTER TABLE "OTPs" ALTER COLUMN "isUsed" DROP NOT NULL;ALTER TABLE "OTPs" ALTER COLUMN "isUsed" SET DEFAULT false;ALTER TABLE "OTPs" ALTER COLUMN "isUsed" TYPE BOOLEAN;
Executing (default): ALTER TABLE "OTPs" ALTER COLUMN "createdAt" SET NOT NULL;ALTER TABLE "OTPs" ALTER COLUMN "createdAt" DROP DEFAULT;ALTER TABLE "OTPs" ALTER COLUMN "createdAt" TYPE TIMESTAMP WITH TIME ZONE;
Executing (default): ALTER TABLE "OTPs" ALTER COLUMN "updatedAt" SET NOT NULL;ALTER TABLE "OTPs" ALTER COLUMN "updatedAt" DROP DEFAULT;ALTER TABLE "OTPs" ALTER COLUMN "updatedAt" TYPE TIMESTAMP WITH TIME ZONE;
Executing (default): SELECT i.relname AS name, ix.indisprimary AS primary, ix.indisunique AS unique, ix.indkey AS indkey, array_agg(a.attnum) as column_indexes, array_agg(a.attname) AS column_names, pg_get_indexdef(ix.indexrelid) AS definition FROM pg_class t, pg_class i, pg_index ix, pg_attribute a WHERE t.oid = ix.indrelid AND i.oid = ix.indexrelid AND a.attrelid = t.oid AND t.relkind = 'r' and t.relname = 'OTPs' GROUP BY i.relname, ix.indexrelid, ix.indisprimary, ix.indisunique, ix.indkey ORDER BY i.relname;
Executing (default): SELECT table_name FROM information_schema.tables WHERE table_schema = 'public' AND table_name = 'Analyses'
Executing (default): SELECT t.typname enum_name, array_agg(e.enumlabel ORDER BY enumsortorder) enum_value FROM pg_type t JOIN pg_enum e ON t.oid = e.enumtypid JOIN pg_catalog.pg_namespace n ON n.oid = t.typnamespace WHERE n.nspname = 'public' AND t.typname='enum_Analyses_type' GROUP BY 1
Executing (default): SELECT pk.constraint_type as "Constraint",c.column_name as "Field", c.column_default as "Default",c.is_nullable as "Null", (CASE WHEN c.udt_name = 'hstore' THEN c.udt_name ELSE c.data_type END) || (CASE WHEN c.character_maximum_length IS NOT NULL THEN '(' || c.character_maximum_length || ')' ELSE '' END) as "Type", (SELECT array_agg(e.enumlabel) FROM pg_catalog.pg_type t JOIN pg_catalog.pg_enum e ON t.oid=e.enumtypid WHERE t.typname=c.udt_name) AS "special", (SELECT pgd.description FROM pg_catalog.pg_statio_all_tables AS st INNER JOIN pg_catalog.pg_description pgd on (pgd.objoid=st.relid) WHERE c.ordinal_position=pgd.objsubid AND c.table_name=st.relname) AS "Comment" FROM information_schema.columns c LEFT JOIN (SELECT tc.table_schema, tc.table_name, cu.column_name, tc.constraint_type FROM information_schema.TABLE_CONSTRAINTS tc JOIN information_schema.KEY_COLUMN_USAGE  cu ON tc.table_schema=cu.table_schema and tc.table_name=cu.table_name and tc.constraint_name=cu.constraint_name and tc.constraint_type='PRIMARY KEY') pk ON pk.table_schema=c.table_schema AND pk.table_name=c.table_name AND pk.column_name=c.column_name WHERE c.table_name = 'Analyses' AND c.table_schema = 'public'
Executing (default): SELECT DISTINCT tc.constraint_name as constraint_name, tc.constraint_schema as constraint_schema, tc.constraint_catalog as constraint_catalog, tc.table_name as table_name,tc.table_schema as table_schema,tc.table_catalog as table_catalog,tc.initially_deferred as initially_deferred,tc.is_deferrable as is_deferrable,kcu.column_name as column_name,ccu.table_schema  AS referenced_table_schema,ccu.table_catalog  AS referenced_table_catalog,ccu.table_name  AS referenced_table_name,ccu.column_name AS referenced_column_name FROM information_schema.table_constraints AS tc JOIN information_schema.key_column_usage AS kcu ON tc.constraint_name = kcu.constraint_name JOIN information_schema.constraint_column_usage AS ccu ON ccu.constraint_name = tc.constraint_name WHERE constraint_type = 'FOREIGN KEY' AND tc.table_name = 'Analyses' AND tc.table_catalog = 'neondb'
Executing (default): ALTER TABLE "Analyses" DROP CONSTRAINT "Analyses_userId_fkey"
Executing (default): ALTER TABLE "Analyses" ALTER COLUMN "userId" SET NOT NULL;ALTER TABLE "Analyses"  ADD FOREIGN KEY ("userId") REFERENCES "Users" ("id") ON DELETE CASCADE ON UPDATE CASCADE;
Executing (default): ALTER TABLE "Analyses" ALTER COLUMN "type" SET NOT NULL;ALTER TABLE "Analyses" ALTER COLUMN "type" DROP DEFAULT;DO 'BEGIN CREATE TYPE "public"."enum_Analyses_type" AS ENUM(''review'', ''debug'', ''approaches'', ''optimize''); EXCEPTION WHEN duplicate_object THEN null; END';ALTER TABLE "Analyses" ALTER COLUMN "type" TYPE "public"."enum_Analyses_type" USING ("type"::"public"."enum_Analyses_type");
Executing (default): ALTER TABLE "Analyses" ALTER COLUMN "language" SET NOT NULL;ALTER TABLE "Analyses" ALTER COLUMN "language" DROP DEFAULT;ALTER TABLE "Analyses" ALTER COLUMN "language" TYPE VARCHAR(255);
Executing (default): ALTER TABLE "Analyses" ALTER COLUMN "originalCode" SET NOT NULL;ALTER TABLE "Analyses" ALTER COLUMN "originalCode" DROP DEFAULT;ALTER TABLE "Analyses" ALTER COLUMN "originalCode" TYPE TEXT;
Executing (default): ALTER TABLE "Analyses" ALTER COLUMN "result" SET NOT NULL;ALTER TABLE "Analyses" ALTER COLUMN "result" DROP DEFAULT;ALTER TABLE "Analyses" ALTER COLUMN "result" TYPE JSON;
Executing (default): ALTER TABLE "Analyses" ALTER COLUMN "qualityScore" DROP NOT NULL;ALTER TABLE "Analyses" ALTER COLUMN "qualityScore" DROP DEFAULT;ALTER TABLE "Analyses" ALTER COLUMN "qualityScore" TYPE INTEGER;
Executing (default): ALTER TABLE "Analyses" ALTER COLUMN "processingTime" DROP NOT NULL;ALTER TABLE "Analyses" ALTER COLUMN "processingTime" SET DEFAULT 0;ALTER TABLE "Analyses" ALTER COLUMN "processingTime" TYPE INTEGER;
Executing (default): ALTER TABLE "Analyses" ALTER COLUMN "createdAt" SET NOT NULL;ALTER TABLE "Analyses" ALTER COLUMN "createdAt" DROP DEFAULT;ALTER TABLE "Analyses" ALTER COLUMN "createdAt" TYPE TIMESTAMP WITH TIME ZONE;
Executing (default): ALTER TABLE "Analyses" ALTER COLUMN "updatedAt" SET NOT NULL;ALTER TABLE "Analyses" ALTER COLUMN "updatedAt" DROP DEFAULT;ALTER TABLE "Analyses" ALTER COLUMN "updatedAt" TYPE TIMESTAMP WITH TIME ZONE;
Executing (default): SELECT i.relname AS name, ix.indisprimary AS primary, ix.indisunique AS unique, ix.indkey AS indkey, array_agg(a.attnum) as column_indexes, array_agg(a.attname) AS column_names, pg_get_indexdef(ix.indexrelid) AS definition FROM pg_class t, pg_class i, pg_index ix, pg_attribute a WHERE t.oid = ix.indrelid AND i.oid = ix.indexrelid AND a.attrelid = t.oid AND t.relkind = 'r' and t.relname = 'Analyses' GROUP BY i.relname, ix.indexrelid, ix.indisprimary, ix.indisunique, ix.indkey ORDER BY i.relname;
Executing (default): SELECT table_name FROM information_schema.tables WHERE table_schema = 'public' AND table_name = 'notes'
Executing (default): SELECT pk.constraint_type as "Constraint",c.column_name as "Field", c.column_default as "Default",c.is_nullable as "Null", (CASE WHEN c.udt_name = 'hstore' THEN c.udt_name ELSE c.data_type END) || (CASE WHEN c.character_maximum_length IS NOT NULL THEN '(' || c.character_maximum_length || ')' ELSE '' END) as "Type", (SELECT array_agg(e.enumlabel) FROM pg_catalog.pg_type t JOIN pg_catalog.pg_enum e ON t.oid=e.enumtypid WHERE t.typname=c.udt_name) AS "special", (SELECT pgd.description FROM pg_catalog.pg_statio_all_tables AS st INNER JOIN pg_catalog.pg_description pgd on (pgd.objoid=st.relid) WHERE c.ordinal_position=pgd.objsubid AND c.table_name=st.relname) AS "Comment" FROM information_schema.columns c LEFT JOIN (SELECT tc.table_schema, tc.table_name, cu.column_name, tc.constraint_type FROM information_schema.TABLE_CONSTRAINTS tc JOIN information_schema.KEY_COLUMN_USAGE  cu ON tc.table_schema=cu.table_schema and tc.table_name=cu.table_name and tc.constraint_name=cu.constraint_name and tc.constraint_type='PRIMARY KEY') pk ON pk.table_schema=c.table_schema AND pk.table_name=c.table_name AND pk.column_name=c.column_name WHERE c.table_name = 'notes' AND c.table_schema = 'public'
Executing (default): SELECT DISTINCT tc.constraint_name as constraint_name, tc.constraint_schema as constraint_schema, tc.constraint_catalog as constraint_catalog, tc.table_name as table_name,tc.table_schema as table_schema,tc.table_catalog as table_catalog,tc.initially_deferred as initially_deferred,tc.is_deferrable as is_deferrable,kcu.column_name as column_name,ccu.table_schema  AS referenced_table_schema,ccu.table_catalog  AS referenced_table_catalog,ccu.table_name  AS referenced_table_name,ccu.column_name AS referenced_column_name FROM information_schema.table_constraints AS tc JOIN information_schema.key_column_usage AS kcu ON tc.constraint_name = kcu.constraint_name JOIN information_schema.constraint_column_usage AS ccu ON ccu.constraint_name = tc.constraint_name WHERE constraint_type = 'FOREIGN KEY' AND tc.table_name = 'notes' AND tc.table_catalog = 'neondb'
Executing (default): ALTER TABLE "notes" DROP CONSTRAINT "notes_userId_fkey"
Executing (default): ALTER TABLE "notes" ALTER COLUMN "userId" SET NOT NULL;ALTER TABLE "notes"  ADD FOREIGN KEY ("userId") REFERENCES "Users" ("id");
Executing (default): ALTER TABLE "notes" ALTER COLUMN "title" SET NOT NULL;ALTER TABLE "notes" ALTER COLUMN "title" SET DEFAULT 'Untitled Note';ALTER TABLE "notes" ALTER COLUMN "title" TYPE VARCHAR(255);
Executing (default): ALTER TABLE "notes" ALTER COLUMN "content" DROP NOT NULL;ALTER TABLE "notes" ALTER COLUMN "content" DROP DEFAULT;ALTER TABLE "notes" ALTER COLUMN "content" TYPE TEXT;
Executing (default): ALTER TABLE "notes" ALTER COLUMN "tags" DROP NOT NULL;ALTER TABLE "notes" ALTER COLUMN "tags" SET DEFAULT '[]';ALTER TABLE "notes" ALTER COLUMN "tags" TYPE JSON;
Executing (default): ALTER TABLE "notes" ALTER COLUMN "color" DROP NOT NULL;ALTER TABLE "notes" ALTER COLUMN "color" SET DEFAULT 'default';ALTER TABLE "notes" ALTER COLUMN "color" TYPE VARCHAR(255);
Executing (default): ALTER TABLE "notes" ALTER COLUMN "isPinned" DROP NOT NULL;ALTER TABLE "notes" ALTER COLUMN "isPinned" SET DEFAULT false;ALTER TABLE "notes" ALTER COLUMN "isPinned" TYPE BOOLEAN;
Executing (default): ALTER TABLE "notes" ALTER COLUMN "folder" DROP NOT NULL;ALTER TABLE "notes" ALTER COLUMN "folder" DROP DEFAULT;ALTER TABLE "notes" ALTER COLUMN "folder" TYPE VARCHAR(255);
Executing (default): ALTER TABLE "notes" ALTER COLUMN "lastModified" DROP NOT NULL;ALTER TABLE "notes" ALTER COLUMN "lastModified" DROP DEFAULT;ALTER TABLE "notes" ALTER COLUMN "lastModified" TYPE TIMESTAMP WITH TIME ZONE;
Executing (default): ALTER TABLE "notes" ALTER COLUMN "createdAt" SET NOT NULL;ALTER TABLE "notes" ALTER COLUMN "createdAt" DROP DEFAULT;ALTER TABLE "notes" ALTER COLUMN "createdAt" TYPE TIMESTAMP WITH TIME ZONE;
Executing (default): ALTER TABLE "notes" ALTER COLUMN "updatedAt" SET NOT NULL;ALTER TABLE "notes" ALTER COLUMN "updatedAt" DROP DEFAULT;ALTER TABLE "notes" ALTER COLUMN "updatedAt" TYPE TIMESTAMP WITH TIME ZONE;
Executing (default): SELECT i.relname AS name, ix.indisprimary AS primary, ix.indisunique AS unique, ix.indkey AS indkey, array_agg(a.attnum) as column_indexes, array_agg(a.attname) AS column_names, pg_get_indexdef(ix.indexrelid) AS definition FROM pg_class t, pg_class i, pg_index ix, pg_attribute a WHERE t.oid = ix.indrelid AND i.oid = ix.indexrelid AND a.attrelid = t.oid AND t.relkind = 'r' and t.relname = 'notes' GROUP BY i.relname, ix.indexrelid, ix.indisprimary, ix.indisunique, ix.indkey ORDER BY i.relname;
Database synchronized
Server running on port 3001
Environment: development
Sending AI prompt: Fix ALL errors in this python code including syntax, spelling, logic, and missing parts:

numbers = [10, 21, 32, 43, 54, 65, 76]

even_numbers = []
i = 

while i < len(numbers)
  if numbers[i] % 2 == 0:
        even_numbers\append(numbers[i])
    i += 1

print("Even numbers:" even_numbers

Find and fix:
- Missing colons, dots, quotes
- Wrong operators (= vs ==)
- Spelling mistakes
- Missing imports
- Logic errors
- Incomplete statements

Return JSON with bugs found and completely corrected code:
{"bugs": [{"line": 1, "issue": "specific error", "fix": "how fixed"}], "fixedCode": "complete working python code", "explanation": "summary of fixes"}
AI failed, using comprehensive fallback
AI failed, using smart fallback
